MPASM 03.90 Released                                EXAM2.ASM   7-2-2005  15:51:23         PAGE  1


LOC  OBJECT CODE     LINE SOURCE TEXT
  VALUE

                      00001 processor 16f84        ;Set the processor
                      00002 radix hex              ;Set the radix
                      00003 #include <p16f84.inc>  ;Include header file
                      00001         LIST
                      00002 ; P16F84.INC  Standard Header File, Version 2.00    Microchip Technology, Inc.
                      00136         LIST
                      00004 
                      00005 
  0000000C            00006 COUNTER         equ     0CH
  0000000D            00007 TEMP            equ     0DH
                      00008                 
                      00009 
                      00010 ;
                      00011 
0000                  00012      ORG 000H
                      00013 
0000   2805           00014      GOTO MAIN
                      00015 
0004                  00016      ORG 004H
                      00017 
0004   2812           00018      GOTO INT_SERV
                      00019 
0005                  00020 MAIN:
0005   1683           00021      BSF STATUS, RP0     ; bank 1
                      00022      
0006   3001           00023      MOVLW 1
0007   0086           00024      MOVWF TRISB
                      00025      
0008   3000           00026      MOVLW 0
0009   0085           00027      MOVWF TRISA
                      00028      
000A   1283           00029      BCF STATUS, RP0     ; back to bank 0
                      00030 
000B   018C           00031      CLRF COUNTER        ; zero the counter
                      00032 
000C   1701           00033      BSF OPTION_REG, INTEDG   ; interrupt on positive
000D   108B           00034      BCF INTCON, INTF    ; clear interrupt flag
000E   160B           00035      BSF INTCON, INTE    ; mask for external interrupts
000F   178B           00036      BSF INTCON, GIE     ; enable interrupts
                      00037 
0010   0A8D           00038 PT1: INCF TEMP, F
0011   2810           00039      GOTO PT1
                      00040 
0012                  00041 INT_SERV:
0012   0A8C           00042      INCF COUNTER, F
                      00043 
                      00044      
0013   108B           00045      BCF INTCON, INTF    ; clear the appropriate flag
                      00046      
0014   080C           00047      MOVF    COUNTER, 0
0015   0085           00048      MOVWF   PORTA
                      00049      
0016   0009           00050      RETFIE              ; this also set global interrupt enable
MPASM 03.90 Released                                EXAM2.ASM   7-2-2005  15:51:23         PAGE  2


LOC  OBJECT CODE     LINE SOURCE TEXT
  VALUE

                      00051 
                      00052      END
MPASM 03.90 Released                                EXAM2.ASM   7-2-2005  15:51:23         PAGE  3


SYMBOL TABLE
  LABEL                             VALUE 

C                                 00000000
COUNTER                           0000000C
DC                                00000001
EEADR                             00000009
EECON1                            00000088
EECON2                            00000089
EEDATA                            00000008
EEIE                              00000006
EEIF                              00000004
F                                 00000001
FSR                               00000004
GIE                               00000007
INDF                              00000000
INTCON                            0000000B
INTE                              00000004
INTEDG                            00000006
INTF                              00000001
INT_SERV                          00000012
IRP                               00000007
MAIN                              00000005
NOT_PD                            00000003
NOT_RBPU                          00000007
NOT_TO                            00000004
OPTION_REG                        00000081
PCL                               00000002
PCLATH                            0000000A
PORTA                             00000005
PORTB                             00000006
PS0                               00000000
PS1                               00000001
PS2                               00000002
PSA                               00000003
PT1                               00000010
RBIE                              00000003
RBIF                              00000000
RD                                00000000
RP0                               00000005
RP1                               00000006
STATUS                            00000003
T0CS                              00000005
T0IE                              00000005
T0IF                              00000002
T0SE                              00000004
TEMP                              0000000D
TMR0                              00000001
TRISA                             00000085
TRISB                             00000086
W                                 00000000
WR                                00000001
WREN                              00000002
WRERR                             00000003
Z                                 00000002
_CP_OFF                           00003FFF
MPASM 03.90 Released                                EXAM2.ASM   7-2-2005  15:51:23         PAGE  4


SYMBOL TABLE
  LABEL                             VALUE 

_CP_ON                            0000000F
_HS_OSC                           00003FFE
_LP_OSC                           00003FFC
_PWRTE_OFF                        00003FFF
_PWRTE_ON                         00003FF7
_RC_OSC                           00003FFF
_WDT_OFF                          00003FFB
_WDT_ON                           00003FFF
_XT_OSC                           00003FFD
__16F84                           00000001


MEMORY USAGE MAP ('X' = Used,  '-' = Unused)

0000 : X---XXXXXXXXXXXX XXXXXXX--------- ---------------- ----------------

All other memory blocks unused.

Program Memory Words Used:    20
Program Memory Words Free:  1004


Errors   :     0
Warnings :     0 reported,     2 suppressed
Messages :     0 reported,     3 suppressed


